
small numbers               
   ▲                     
   │                  ┏━ 
   │                  ┃  
   │                  ┃  
   │                  ┃  
   │                  ┃  
   │                  ┃  
   │   ┏━━━┓      ┏━━━┛  
   │   ┃   ┗━━┓   ┃      
   │━━━┛      ┃   ┃      
   │          ┗━━━┛      
   └┬───┬───┬──┬───┬───┬▶
0.001   0.003  0.005     
    0.002  0.004   0.006
