
███████████████████████████
█Border                   █
█   ▲                     █
█ 11┤                  ┏━ █
█  9┤              ┏━━━┛  █
█   │              ┃      █
█   │              ┃      █
█  4┤   ┏━┓        ┃      █
█y 2┤━━━┛ ┃    ┏━┓ ┃      █
█  1┤     ┗━┓  ┃ ┃ ┃      █
█ -1┤       ┗━━┛ ┗━┛      █
█   └┬─┬─┬─┬─┬──┬─┬─┬─┬─┬▶█
█    1 2 3 4 5  6 7 8 910 █
█             x           █
███████████████████████████
