
labels                 
  ▲                     
 4┤            ┏━━━━━┓  
  │            ┃     ┃  
  │            ┃     ┃  
 3┤     ┏━━━━━━┛     ┃  
  │     ┃            ┃  
  │     ┃            ┃  
y2┤━━━━━┛            ┃  
  │                  ┃  
  │                  ┃  
 1┤                  ┗━ 
  └┬─────┬──────┬─────┬▶
   1     2      3     4 
            x           
