
legend                  
   ▲                     
  4┤            ┏━━━━━┓  
  3┤     ┏━━━━━━┏━━━━━┓  
   │     ┃      ┃     ┃  
  2┤━━━━━┛      ┃     ┃  
  1┤            ┃     ┃━ 
  0┤            ┃     ┗━ 
y  │            ┃        
   │            ┃        
 -2┤━━━━━┓      ┃        
 -3┤     ┗━━━━━━┛        
   └┬─────┬──────┬─────┬▶
    1     2      3     4 
             x           
█ first                  
█ second                 
