
hideXAxis               
  ▲                     
10┤                  ┏━ 
  │                  ┃  
  │                  ┃  
  │                  ┃  
  │                  ┃  
  │                  ┃  
 5┤              ┏━━━┛  
  │              ┃      
 3┤   ┏━━━━━━━━━━┛      
 2┤━━━┛                 
  │                     
