
axisCenter               
    ▲                  
   5┤            ┏━━┓  
   4┤            ┃  ┃  
   3┤            ┃  ┃  
   2┤    ┏━━━━━━━┛  ┃  
  ━━│━━━━┛          ┃  
   1┤               ┃  
 ┬─0┼─┬──┬───────┬──┬─▶
-1-1┤ 1  2       5  6  
    │               ┃  
  -2┤               ┗━ 
    │                  
