
AAAAAAAAAAAAAAAAAAAAAAAAAA
Asymbols█████████████████A
A██▲BBBBBBBBBBBBBBBBBBBBBA
A█5┤BBBBBBBBBBBBBBB┏━━┓BBA
A██│BBBBBBBBBBBBBBB┃BB┃BBA
A██│BBBBBBBBBBBBBBB┃BB┃BBA
A█3┤BBBBBBB┏━━━━━━━┛BB┃BBA
A█2┤━━━━━━━┛BBBBBBBBBB┃BBA
A██│BBBBBBBBBBBBBBBBBB┃BBA
A██│BBBBBBBBBBBBBBBBBB┃BBA
A██│BBBBBBBBBBBBBBBBBB┃BBA
A██│BBBBBBBBBBBBBBBBBB┃BBA
A-2┤BBBBBBBBBBBBBBBBBB┗━BA
A██└┬────┬──┬───────┬──┬▶A
A██-1████1██2███████5██6█A
AAAAAAAAAAAAAAAAAAAAAAAAAA
