
custom y axis           
 ▲                     
 │                  ┏━ 
 │              ┏━━━┛  
 │              ┃      
 │              ┃      
6┤              ┃      
4┤   ┏━┓        ┃      
 │ ┏━┛ ┃    ┏━┓ ┃      
2┤━┛   ┗━┓  ┃ ┃ ┃      
0┤       ┃  ┃ ┃ ┃      
 │       ┗━━┛ ┗━┛      
 └──┬───┬────┬────────▶
    2   4    6         
