
custom ticks and axis center
    ▲                 
    │              ┏━ 
    │          ┏━━━┛  
    │          ┃      
    │          ┃      
   6┤          ┃      
   4┤━┓        ┃      
──┬─┼─┬────┬─────────▶
 ━22┤ 4━┓  6 ┃ ┃      
   0┤   ┃  ┃ ┃ ┃      
    │   ┗━━┛ ┗━┛      
    │                 
