
custom ticks and axis center, hide x axis
   ▲                 
   │              ┏━ 
   │          ┏━━━┛  
   │          ┃      
   │          ┃      
  6┤          ┃      
  4┤━┓        ┃      
 ┏━│ ┃    ┏━┓ ┃      
━┛2┤ ┗━┓  ┃ ┃ ┃      
  0┤   ┃  ┃ ┃ ┃      
   │   ┗━━┛ ┗━┛      
   │                 
