
custom ticks and axis center, hide y axis
                   ┏━ 
               ┏━━━┛  
               ┃      
               ┃      
               ┃      
    ┏━┓        ┃      
──┬─└─┬────┬─────────▶
 ━2   4━┓  6 ┃ ┃      
        ┃  ┃ ┃ ┃      
        ┗━━┛ ┗━┛      
