
bar chart with colors                        
  â–²                [32mâ–ˆ[0m                        
 4â”¤          [32mâ–ˆ[0m     [32mâ–ˆ[0m                        
 3â”¤     [32mâ–ˆ[0m    [32mâ–ˆ[0m     [32mâ–ˆ[0m               [32mâ–ˆ[0m        
 2â”¤     [32mâ–ˆ[0m    [32mâ–ˆ[0m     [32mâ–ˆ[0m               [32mâ–ˆ[0m        
 1â”¤     [32mâ–ˆ[0m    [32mâ–ˆ[0m     [32mâ–ˆ[0m               [32mâ–ˆ[0m     [32mâ–ˆ[0m  
 0â”œâ”€â”€â”€â”€â”€â”¬â”€â”€â”€â”€â”¬â”€â”€â”€â”€â”€â”¬â”€â”€â”€â”€â”¬â”€â”€â”€â”€â”€â”¬â”€â”€â”€â”€â”¬â”€â”€â”€â”€â”€â”¬â”€â–¶
-10     1    2     3    4     5    6     7  
-2â”¤                           [32mâ–ˆ[0m             
-3â”¤                           [32mâ–ˆ[0m             
-4â”¤                           [32mâ–ˆ[0m             
-5â”¤                                         
  â”‚                                         
