
horizontal bar chart     
  ▲                     
26┤███████████████████  
23┤                     
20┤                     
17┤██████████           
15┤                     
12┤                     
 9┤                     
 6┤                     
 3┤                     
 0┤                     
  └┬─────────┬────────┬▶
   1         2        3 
