
axis center             
    ▲                 
  11┤              ┏━ 
  10┤            ┏━┛  
   9┤          ┏━┛    
    │          ┃      
    │          ┃      
    │          ┃      
┬─┬─┼─┬─┬──┬─┬─┬─┬─┬─▶
1 243━4 5  6 7 8 910  
  ┏3┤ ┃    ┏━┓ ┃      
 ━┛2┤ ┃    ┃ ┃ ┃      
   1┤ ┗━┓  ┃ ┃ ┃      
    │   ┃  ┃ ┃ ┃      
  -1┤   ┗━━┛ ┗━┛      
    │                 
