
axis center    
  ▲          
11┤       ┏━ 
10┤      ┏┛  
 9┤     ┏┛   
  │     ┃    
  │     ┃    
  │     ┃    
┬┬┼┬┬─┬┬┬┬┬─▶
14345 67810  
 3┤┃  ┏┓┃    
 2┤┃  ┃┃┃    
 1┤┗┓ ┃┃┃    
  │ ┃ ┃┃┃    
-1┤ ┗━┛┗┛    
  │          
