
axis center    
  ▲            
11┤         ┏━ 
10┤        ┏┛  
 9┤       ┏┛   
  │       ┃    
  │       ┃    
  │       ┃    
  │       ┃    
 4┤  ┏┓   ┃    
 3┤ ┏┛┃ ┏┓┃    
 2┤ ┛ ┃ ┃┃┃    
 1┤   ┗┓┃┃┃    
  ├┬┬┬┬┬┬┬┬┬┬─▶
-1┤1234567810  
  │            
