
showTickLabel = true
  ▲           
11┤        ┏━ 
10┤       ┏┛  
 9┤      ┏┛   
 8┤      ┃    
 7┤      ┃    
 6┤      ┃    
 5┤      ┃    
 4┤ ┏┓   ┃    
 3┤┏┛┃ ┏┓┃    
 2┤┛ ┃ ┃┃┃    
 1┤  ┗┓┃┃┃    
 0┤   ┃┃┃┃    
-1┤   ┗┛┗┛    
  └┬┬┬┬┬┬┬┬┬┬▶
   123456789  
           10
