
hideXAxis = true
  ▲           
11┤        ┏━ 
10┤       ┏┛  
 9┤      ┏┛   
  │      ┃    
  │      ┃    
  │      ┃    
  │      ┃    
 4┤ ┏┓   ┃    
 3┤┏┛┃ ┏┓┃    
 2┤┛ ┃ ┃┃┃    
 1┤  ┗┓┃┃┃    
  │   ┃┃┃┃    
-1┤   ┗┛┗┛    
  │           
