
hideYAxis = true
         ┏━ 
        ┏┛  
       ┏┛   
       ┃    
       ┃    
       ┃    
       ┃    
  ┏┓   ┃    
 ┏┛┃ ┏┓┃    
 ┛ ┃ ┃┃┃    
   ┗┓┃┃┃    
    ┃┃┃┃    
    ┗┛┗┛    
─┬┬┬┬┬┬┬┬┬┬▶
 123456789  
         10
