
height = 10   
  ▲           
11┤        ┏━ 
 9┤      ┏━┛  
  │      ┃    
  │      ┃    
  │      ┃    
 4┤ ┏┓   ┃    
 3┤┏┛┃ ┏┓┃    
 2┤┛ ┗┓┃┃┃    
  │   ┃┃┃┃    
-1┤   ┗┛┗┛    
  └┬┬┬┬┬┬┬┬┬┬▶
   123456789  
           10
