
xLabel = "label"
  ▲           
11┤        ┏━ 
10┤       ┏┛  
 9┤      ┏┛   
  │      ┃    
  │      ┃    
  │      ┃    
  │      ┃    
 4┤ ┏┓   ┃    
 3┤┏┛┃ ┏┓┃    
 2┤┛ ┃ ┃┃┃    
 1┤  ┗┓┃┃┃    
  │   ┃┃┃┃    
-1┤   ┗┛┗┛    
  └┬┬┬┬┬┬┬┬┬┬▶
   123456789  
           10
     label    
