
yRange = [0, 10]
  ▲        
10┤     ┏━ 
 9┤    ┏┛  
  │    ┃   
  │    ┃   
  │    ┃   
 4┤ ┓  ┃   
 3┤┏┃ ┏┛   
 2┤┛┃ ┃    
 1┤ ┗━┛    
  │        
  └┬┬┬─┬┬┬▶
   123 689 
     4    
