
yLabel = "label"
   ▲           
 11┤        ┏━ 
 10┤       ┏┛  
  9┤      ┏┛   
   │      ┃    
   │      ┃    
l  │      ┃    
a  │      ┃    
b 4┤ ┏┓   ┃    
e 3┤┏┛┃ ┏┓┃    
l 2┤┛ ┃ ┃┃┃    
  1┤  ┗┓┃┃┃    
   │   ┃┃┃┃    
 -1┤   ┗┛┗┛    
   └┬┬┬┬┬┬┬┬┬┬▶
    123456789  
            10
