
yRange = [-5, 5]
  ▲        
 4┤ ┏┓     
 2┤━┛┃ ┏┓  
 1┤  ┗┓┃┃  
-1┤   ┗┛┗━ 
  │        
  │        
  └┬┬┬┬┬┬┬▶
   1234567 
