
axisCenter = [0, 10]
  ▲            
11┤         ┏━ 
10├┬┬┬┬┬┬┬┬┬┬─▶
 9┤1234567810  
  │       ┃    
  │       ┃    
  │       ┃    
  │       ┃    
 4┤  ┏┓   ┃    
 3┤ ┏┛┃ ┏┓┃    
 2┤ ┛ ┃ ┃┃┃    
 1┤   ┗┓┃┃┃    
  │    ┃┃┃┃    
-1┤    ┗┛┗┛    
  │            
