
axisCenter = [-5, 5]
  ▲            
11┤         ┏━ 
10┤        ┏┛  
 9┤        ┛   
  │        ┃   
  │        ┃   
  │        ┃   
  ├───┬┬┬┬┬┬┬─▶
 4┤   1346710  
 3┤    ┛┃┏┓┃   
 2┤    ┛┃┃┃┃   
 1┤     ┗┃┃┃   
  │      ┃┃┃   
-1┤      ┛┗┛   
  │            
